<?xml version="1.0" encoding="utf-8"?><testsuites name="pytest tests"><testsuite name="pytest" errors="0" failures="0" skipped="0" tests="8" time="0.256" timestamp="2025-10-02T17:25:29.608978-04:00" hostname="Papi"><testcase classname="test_framework_validation" name="test_pytest_working" time="0.001" /><testcase classname="test_framework_validation" name="test_async_working" time="0.110" /><testcase classname="test_framework_validation" name="test_fixtures_config" time="0.001" /><testcase classname="test_framework_validation" name="test_sparkplug_message_builder" time="0.001" /><testcase classname="test_framework_validation" name="test_node_id_generator" time="0.001" /><testcase classname="test_framework_validation" name="test_device_id_generator" time="0.000" /><testcase classname="test_framework_validation" name="test_telemetry_generator" time="0.000" /><testcase classname="test_framework_validation" name="test_latency_measurement" time="0.101" /></testsuite></testsuites>